Time 0
Waiting clients: (25, 3, 1); (23, 4, 1); (48, 4, 4); (47, 5, 7); (12, 6, 4); (24, 7, 2); (29, 9, 2); (32, 13, 5); (19, 14, 7); (16, 16, 6); (22, 17, 3); (28, 17, 1); (36, 17, 2); (17, 18, 5); (33, 18, 7); (6, 19, 2); (11, 19, 1); (14, 19, 5); (26, 19, 7); (50, 20, 6); (8, 22, 7); (27, 22, 3); (44, 23, 1); (31, 24, 6); (49, 24, 6); (1, 25, 2); (13, 27, 4); (30, 27, 1); (20, 28, 7); (40, 28, 6); (43, 28, 1); (21, 29, 4); (41, 29, 7); (4, 30, 7); (10, 30, 6); (18, 31, 2); (34, 31, 3); (15, 32, 4); (38, 32, 7); (46, 32, 7); (7, 33, 5); (35, 33, 6); (9, 36, 5); (2, 37, 6); (3, 37, 3); (5, 38, 2); (37, 38, 6); (39, 39, 3); (42, 40, 2); (45, 40, 3); 
Queue 1: closed
Queue 2: closed
Queue 3: closed
Queue 4: closed
Queue 5: closed
Total number of clients that are waiting in queues at this time: 0 clients

Time 1
Waiting clients: (25, 3, 1); (23, 4, 1); (48, 4, 4); (47, 5, 7); (12, 6, 4); (24, 7, 2); (29, 9, 2); (32, 13, 5); (19, 14, 7); (16, 16, 6); (22, 17, 3); (28, 17, 1); (36, 17, 2); (17, 18, 5); (33, 18, 7); (6, 19, 2); (11, 19, 1); (14, 19, 5); (26, 19, 7); (50, 20, 6); (8, 22, 7); (27, 22, 3); (44, 23, 1); (31, 24, 6); (49, 24, 6); (1, 25, 2); (13, 27, 4); (30, 27, 1); (20, 28, 7); (40, 28, 6); (43, 28, 1); (21, 29, 4); (41, 29, 7); (4, 30, 7); (10, 30, 6); (18, 31, 2); (34, 31, 3); (15, 32, 4); (38, 32, 7); (46, 32, 7); (7, 33, 5); (35, 33, 6); (9, 36, 5); (2, 37, 6); (3, 37, 3); (5, 38, 2); (37, 38, 6); (39, 39, 3); (42, 40, 2); (45, 40, 3); 
Queue 1: closed
Queue 2: closed
Queue 3: closed
Queue 4: closed
Queue 5: closed
Total number of clients that are waiting in queues at this time: 0 clients

Time 2
Waiting clients: (25, 3, 1); (23, 4, 1); (48, 4, 4); (47, 5, 7); (12, 6, 4); (24, 7, 2); (29, 9, 2); (32, 13, 5); (19, 14, 7); (16, 16, 6); (22, 17, 3); (28, 17, 1); (36, 17, 2); (17, 18, 5); (33, 18, 7); (6, 19, 2); (11, 19, 1); (14, 19, 5); (26, 19, 7); (50, 20, 6); (8, 22, 7); (27, 22, 3); (44, 23, 1); (31, 24, 6); (49, 24, 6); (1, 25, 2); (13, 27, 4); (30, 27, 1); (20, 28, 7); (40, 28, 6); (43, 28, 1); (21, 29, 4); (41, 29, 7); (4, 30, 7); (10, 30, 6); (18, 31, 2); (34, 31, 3); (15, 32, 4); (38, 32, 7); (46, 32, 7); (7, 33, 5); (35, 33, 6); (9, 36, 5); (2, 37, 6); (3, 37, 3); (5, 38, 2); (37, 38, 6); (39, 39, 3); (42, 40, 2); (45, 40, 3); 
Queue 1: closed
Queue 2: closed
Queue 3: closed
Queue 4: closed
Queue 5: closed
Total number of clients that are waiting in queues at this time: 0 clients

Time 3
Waiting clients: (23, 4, 1); (48, 4, 4); (47, 5, 7); (12, 6, 4); (24, 7, 2); (29, 9, 2); (32, 13, 5); (19, 14, 7); (16, 16, 6); (22, 17, 3); (28, 17, 1); (36, 17, 2); (17, 18, 5); (33, 18, 7); (6, 19, 2); (11, 19, 1); (14, 19, 5); (26, 19, 7); (50, 20, 6); (8, 22, 7); (27, 22, 3); (44, 23, 1); (31, 24, 6); (49, 24, 6); (1, 25, 2); (13, 27, 4); (30, 27, 1); (20, 28, 7); (40, 28, 6); (43, 28, 1); (21, 29, 4); (41, 29, 7); (4, 30, 7); (10, 30, 6); (18, 31, 2); (34, 31, 3); (15, 32, 4); (38, 32, 7); (46, 32, 7); (7, 33, 5); (35, 33, 6); (9, 36, 5); (2, 37, 6); (3, 37, 3); (5, 38, 2); (37, 38, 6); (39, 39, 3); (42, 40, 2); (45, 40, 3); 
Queue 1: (25, 3, 1); 
Queue 2: closed
Queue 3: closed
Queue 4: closed
Queue 5: closed
Total number of clients that are waiting in queues at this time: 1 clients

Time 4
Waiting clients: (47, 5, 7); (12, 6, 4); (24, 7, 2); (29, 9, 2); (32, 13, 5); (19, 14, 7); (16, 16, 6); (22, 17, 3); (28, 17, 1); (36, 17, 2); (17, 18, 5); (33, 18, 7); (6, 19, 2); (11, 19, 1); (14, 19, 5); (26, 19, 7); (50, 20, 6); (8, 22, 7); (27, 22, 3); (44, 23, 1); (31, 24, 6); (49, 24, 6); (1, 25, 2); (13, 27, 4); (30, 27, 1); (20, 28, 7); (40, 28, 6); (43, 28, 1); (21, 29, 4); (41, 29, 7); (4, 30, 7); (10, 30, 6); (18, 31, 2); (34, 31, 3); (15, 32, 4); (38, 32, 7); (46, 32, 7); (7, 33, 5); (35, 33, 6); (9, 36, 5); (2, 37, 6); (3, 37, 3); (5, 38, 2); (37, 38, 6); (39, 39, 3); (42, 40, 2); (45, 40, 3); 
Queue 1: (23, 4, 1); 
Queue 2: (48, 4, 4); 
Queue 3: closed
Queue 4: closed
Queue 5: closed
Total number of clients that are waiting in queues at this time: 2 clients

Time 5
Waiting clients: (12, 6, 4); (24, 7, 2); (29, 9, 2); (32, 13, 5); (19, 14, 7); (16, 16, 6); (22, 17, 3); (28, 17, 1); (36, 17, 2); (17, 18, 5); (33, 18, 7); (6, 19, 2); (11, 19, 1); (14, 19, 5); (26, 19, 7); (50, 20, 6); (8, 22, 7); (27, 22, 3); (44, 23, 1); (31, 24, 6); (49, 24, 6); (1, 25, 2); (13, 27, 4); (30, 27, 1); (20, 28, 7); (40, 28, 6); (43, 28, 1); (21, 29, 4); (41, 29, 7); (4, 30, 7); (10, 30, 6); (18, 31, 2); (34, 31, 3); (15, 32, 4); (38, 32, 7); (46, 32, 7); (7, 33, 5); (35, 33, 6); (9, 36, 5); (2, 37, 6); (3, 37, 3); (5, 38, 2); (37, 38, 6); (39, 39, 3); (42, 40, 2); (45, 40, 3); 
Queue 1: (47, 5, 7); 
Queue 2: (48, 4, 3); 
Queue 3: closed
Queue 4: closed
Queue 5: closed
Total number of clients that are waiting in queues at this time: 2 clients

Time 6
Waiting clients: (24, 7, 2); (29, 9, 2); (32, 13, 5); (19, 14, 7); (16, 16, 6); (22, 17, 3); (28, 17, 1); (36, 17, 2); (17, 18, 5); (33, 18, 7); (6, 19, 2); (11, 19, 1); (14, 19, 5); (26, 19, 7); (50, 20, 6); (8, 22, 7); (27, 22, 3); (44, 23, 1); (31, 24, 6); (49, 24, 6); (1, 25, 2); (13, 27, 4); (30, 27, 1); (20, 28, 7); (40, 28, 6); (43, 28, 1); (21, 29, 4); (41, 29, 7); (4, 30, 7); (10, 30, 6); (18, 31, 2); (34, 31, 3); (15, 32, 4); (38, 32, 7); (46, 32, 7); (7, 33, 5); (35, 33, 6); (9, 36, 5); (2, 37, 6); (3, 37, 3); (5, 38, 2); (37, 38, 6); (39, 39, 3); (42, 40, 2); (45, 40, 3); 
Queue 1: (47, 5, 6); 
Queue 2: (48, 4, 2); 
Queue 3: (12, 6, 4); 
Queue 4: closed
Queue 5: closed
Total number of clients that are waiting in queues at this time: 3 clients

Time 7
Waiting clients: (29, 9, 2); (32, 13, 5); (19, 14, 7); (16, 16, 6); (22, 17, 3); (28, 17, 1); (36, 17, 2); (17, 18, 5); (33, 18, 7); (6, 19, 2); (11, 19, 1); (14, 19, 5); (26, 19, 7); (50, 20, 6); (8, 22, 7); (27, 22, 3); (44, 23, 1); (31, 24, 6); (49, 24, 6); (1, 25, 2); (13, 27, 4); (30, 27, 1); (20, 28, 7); (40, 28, 6); (43, 28, 1); (21, 29, 4); (41, 29, 7); (4, 30, 7); (10, 30, 6); (18, 31, 2); (34, 31, 3); (15, 32, 4); (38, 32, 7); (46, 32, 7); (7, 33, 5); (35, 33, 6); (9, 36, 5); (2, 37, 6); (3, 37, 3); (5, 38, 2); (37, 38, 6); (39, 39, 3); (42, 40, 2); (45, 40, 3); 
Queue 1: (47, 5, 5); 
Queue 2: (48, 4, 1); 
Queue 3: (12, 6, 3); 
Queue 4: (24, 7, 2); 
Queue 5: closed
Total number of clients that are waiting in queues at this time: 4 clients

Time 8
Waiting clients: (29, 9, 2); (32, 13, 5); (19, 14, 7); (16, 16, 6); (22, 17, 3); (28, 17, 1); (36, 17, 2); (17, 18, 5); (33, 18, 7); (6, 19, 2); (11, 19, 1); (14, 19, 5); (26, 19, 7); (50, 20, 6); (8, 22, 7); (27, 22, 3); (44, 23, 1); (31, 24, 6); (49, 24, 6); (1, 25, 2); (13, 27, 4); (30, 27, 1); (20, 28, 7); (40, 28, 6); (43, 28, 1); (21, 29, 4); (41, 29, 7); (4, 30, 7); (10, 30, 6); (18, 31, 2); (34, 31, 3); (15, 32, 4); (38, 32, 7); (46, 32, 7); (7, 33, 5); (35, 33, 6); (9, 36, 5); (2, 37, 6); (3, 37, 3); (5, 38, 2); (37, 38, 6); (39, 39, 3); (42, 40, 2); (45, 40, 3); 
Queue 1: (47, 5, 4); 
Queue 2: closed
Queue 3: (12, 6, 2); 
Queue 4: (24, 7, 1); 
Queue 5: closed
Total number of clients that are waiting in queues at this time: 3 clients

Time 9
Waiting clients: (32, 13, 5); (19, 14, 7); (16, 16, 6); (22, 17, 3); (28, 17, 1); (36, 17, 2); (17, 18, 5); (33, 18, 7); (6, 19, 2); (11, 19, 1); (14, 19, 5); (26, 19, 7); (50, 20, 6); (8, 22, 7); (27, 22, 3); (44, 23, 1); (31, 24, 6); (49, 24, 6); (1, 25, 2); (13, 27, 4); (30, 27, 1); (20, 28, 7); (40, 28, 6); (43, 28, 1); (21, 29, 4); (41, 29, 7); (4, 30, 7); (10, 30, 6); (18, 31, 2); (34, 31, 3); (15, 32, 4); (38, 32, 7); (46, 32, 7); (7, 33, 5); (35, 33, 6); (9, 36, 5); (2, 37, 6); (3, 37, 3); (5, 38, 2); (37, 38, 6); (39, 39, 3); (42, 40, 2); (45, 40, 3); 
Queue 1: (47, 5, 3); 
Queue 2: (29, 9, 2); 
Queue 3: (12, 6, 1); 
Queue 4: closed
Queue 5: closed
Total number of clients that are waiting in queues at this time: 3 clients

Time 10
Waiting clients: (32, 13, 5); (19, 14, 7); (16, 16, 6); (22, 17, 3); (28, 17, 1); (36, 17, 2); (17, 18, 5); (33, 18, 7); (6, 19, 2); (11, 19, 1); (14, 19, 5); (26, 19, 7); (50, 20, 6); (8, 22, 7); (27, 22, 3); (44, 23, 1); (31, 24, 6); (49, 24, 6); (1, 25, 2); (13, 27, 4); (30, 27, 1); (20, 28, 7); (40, 28, 6); (43, 28, 1); (21, 29, 4); (41, 29, 7); (4, 30, 7); (10, 30, 6); (18, 31, 2); (34, 31, 3); (15, 32, 4); (38, 32, 7); (46, 32, 7); (7, 33, 5); (35, 33, 6); (9, 36, 5); (2, 37, 6); (3, 37, 3); (5, 38, 2); (37, 38, 6); (39, 39, 3); (42, 40, 2); (45, 40, 3); 
Queue 1: (47, 5, 2); 
Queue 2: (29, 9, 1); 
Queue 3: closed
Queue 4: closed
Queue 5: closed
Total number of clients that are waiting in queues at this time: 2 clients

