Time 0
Waiting clients: (1, 5, 3); (4, 8, 3); (3, 9, 4); (2, 22, 2); 
Queue 1: closed
Queue 2: closed
Total number of clients that are waiting in queues at this time: 0 clients

Time 1
Waiting clients: (1, 5, 3); (4, 8, 3); (3, 9, 4); (2, 22, 2); 
Queue 1: closed
Queue 2: closed
Total number of clients that are waiting in queues at this time: 0 clients

Time 2
Waiting clients: (1, 5, 3); (4, 8, 3); (3, 9, 4); (2, 22, 2); 
Queue 1: closed
Queue 2: closed
Total number of clients that are waiting in queues at this time: 0 clients

Time 3
Waiting clients: (1, 5, 3); (4, 8, 3); (3, 9, 4); (2, 22, 2); 
Queue 1: closed
Queue 2: closed
Total number of clients that are waiting in queues at this time: 0 clients

Time 4
Waiting clients: (1, 5, 3); (4, 8, 3); (3, 9, 4); (2, 22, 2); 
Queue 1: closed
Queue 2: closed
Total number of clients that are waiting in queues at this time: 0 clients

Time 5
Waiting clients: (4, 8, 3); (3, 9, 4); (2, 22, 2); 
Queue 1: (1, 5, 3); 
Queue 2: closed
Total number of clients that are waiting in queues at this time: 1 clients

Time 6
Waiting clients: (4, 8, 3); (3, 9, 4); (2, 22, 2); 
Queue 1: (1, 5, 2); 
Queue 2: closed
Total number of clients that are waiting in queues at this time: 1 clients

Time 7
Waiting clients: (4, 8, 3); (3, 9, 4); (2, 22, 2); 
Queue 1: (1, 5, 1); 
Queue 2: closed
Total number of clients that are waiting in queues at this time: 1 clients

Time 8
Waiting clients: (3, 9, 4); (2, 22, 2); 
Queue 1: (4, 8, 3); 
Queue 2: closed
Total number of clients that are waiting in queues at this time: 1 clients

Time 9
Waiting clients: (2, 22, 2); 
Queue 1: (4, 8, 2); 
Queue 2: (3, 9, 4); 
Total number of clients that are waiting in queues at this time: 2 clients

Time 10
Waiting clients: (2, 22, 2); 
Queue 1: (4, 8, 1); 
Queue 2: (3, 9, 3); 
Total number of clients that are waiting in queues at this time: 2 clients

